 Relora  pg (PostgreSQL) | postgres.public.users |  Structure  columns 3 |  Ready                                                           
┌* Assets────────────────────────────────┐┌Tabs────────────────────────────────────────────────────────────────────────────────────────────┐
│   [-] pg [mock://postgres]             ││Data   SQL   Structure  F2/F3/F4 or Alt-1/2/3                                                   │
│     [-] public [1]                     │└────────────────────────────────────────────────────────────────────────────────────────────────┘
│       [-] Tables [1]                   │┌Selection───────────────────────────────────────────────────────────────────────────────────────┐
│>>           users [Table]              ││Connection: pg (PostgreSQL)                                                                     │
│       [+] Views [0]                    ││Target: mock://postgres                                                                         │
│       [+] Materialized Views [0]       ││Database: postgres                                                                              │
│       [+] Functions [0]                ││Databases: 1 | Schemas: 1 | Objects: 1                                                          │
│       [+] Queries [0]                  ││Dialect: double quotes | EXPLAIN + ANALYZE | RETURNING                                          │
│                                        ││Features: completion | templates | staged CRUD                                                  │
│                 ┌Alter Column postgres.public.users | Tab next | Enter preview | Esc close─────────────────────────────┐                 │
│                 │  table = users  editing email                                                                        │─────────────────┘
│                 │› email  <boolean>  DEFAULT=<none>  NOT NULL                                                          │─────────────────┐
│                 │                                                                                                      │                 │
│                 │                                                                                                      │                 │
│                 │                                                                                                      │                 │
│                 │Usage─────────────────────────────────────────────────────────────────────────────────────────────────│                 │
│                 │Field: column type  |  Left/Right or Space changes the type                                           │                 │
│                 │Tab/Shift-Tab fields  Left/Right type  Space toggle NULL  Ctrl-U clear text  Enter SQL preview        │                 │
│                 └──────────────────────────────────────────────────────────────────────────────────────────────────────┘                 │
│                                        ││                                                                                                │
│                                        ││                                                                                                │
│                                        ││                                                                                                │
│                                        ││                                                                                                │
│                                        ││                                                                                                │
│                                        ││                                                                                                │
│                                        ││                                                                                                │
└────────────────────────────────────────┘└────────────────────────────────────────────────────────────────────────────────────────────────┘
┌Status────────────────────────────────────────────────────────────────────────────────────────────────────────────────────────────────────┐
│Browsing Table public.users on mock://postgres (loaded 1 row(s), limit 50). | Alter column: Tab/Shift-Tab fields, type name/default,      │
└──────────────────────────────────────────────────────────────────────────────────────────────────────────────────────────────────────────┘