                                                                                                    
                                                                                                    
                                                                                                    
           ┌Cell Details | row 1 | Tab switch box | Esc close───────────────────────────┐           
           │┌Fields | j/k move | Tab preview───────────────────────────────────────────┐│           
           ││   id  1                                                                  ││           
           ││>> email  alice@example.com                                               ││           
           ││   profile_json  {"role":"admin","team":"infra"}                          ││           
           ││                                                                          ││           
           │└──────────────────────────────────────────────────────────────────────────┘│           
           │┌Preview: email | 17 char(s) | scroll 0 | j/k or PgUp/PgDn scroll | Tab fie┐│           
           ││alice@example.com                                                         ││           
           ││                                                                          ││           
           ││                                                                          ││           
           ││                                                                          ││           
           ││                                                                          ││           
           ││                                                                          ││           
           ││                                                                          ││           
           ││                                                                          ││           
           │└──────────────────────────────────────────────────────────────────────────┘│           
           └────────────────────────────────────────────────────────────────────────────┘           
                                                                                                    
                                                                                                    
                                                                                                    