 Relora  pg (PostgreSQL) | postgres.public.release_runs |  Data  page 1 | rows 1-2 | limit 50 |  Ready                  
┌* Assets──────────────────────────┐┌Tabs──────────────────────────────────────────────────────────────────────────────┐
│   [-] pg [mock://postgres]       ││Data   SQL   Structure  F2/F3/F4 or Alt-1/2/3                                     │
│     [-] public [1]               │└──────────────────────────────────────────────────────────────────────────────────┘
│       [-] Tables [1]             │┌Selection─────────────────────────────────────────────────────────────────────────┐
│>>           release_runs [Table] ││Connection: pg (PostgreSQL)                                                       │
│       [+] Queries [2]            ││Target: mock://postgres                                                           │
│             ┌Saved SQL | type search | Enter open | Esc close──────────────────────────────────────────┐             │
│             │Search                                                                                    │             │
│             │?                                                                                         │             │
│             │──────────────────────────────────────────────────────────────────────────────────────────│             │
│             │>> Running jobs  pg · postgres                                                            │             │
│             │   select id, state from release_runs where state = 'running';                            │─────────────┘
│             │   Recent failures  pg · postgres                                                         │─────────────┐
│             │   select * from release_runs where state = 'failed' order by updated_at de               │             │
│             │                                                                                          │             │
│             │                                                                                          │             │
│             │                                                                                          │             │
│             │                                                                                          │             │
│             │                                                                                          │             │
│             │                                                                                          │             │
│             │                                                                                          │             │
│             └──────────────────────────────────────────────────────────────────────────────────────────┘             │
│                                  ││                                                                                  │
│                                  ││                                                                                  │
│                                  ││                                                                                  │
└──────────────────────────────────┘└──────────────────────────────────────────────────────────────────────────────────┘
┌Status────────────────────────────────────────────────────────────────────────────────────────────────────────────────┐
│Browsing Table public.release_runs on mock://postgres (loaded 2 row(s), limit 50). | Saved SQL: type search, Up/Down  │
└──────────────────────────────────────────────────────────────────────────────────────────────────────────────────────┘