 Relora  pg (PostgreSQL) | postgres.public.users |  Data  page 1 | rows 1-3 | limit 50 |  Ready                                             
┌* Assets────────────────────────────────┐┌Tabs────────────────────────────────────────────────────────────────────────────────────────────┐
│   [-] pg [mock://postgres]             ││Data   SQL   Structure  F2/F3/F4 or Alt-1/2/3                                                   │
│     [-] public [1]                     │└────────────────────────────────────────────────────────────────────────────────────────────────┘
│       [-] Tables [1]                   │┌Selection───────────────────────────────────────────────────────────────────────────────────────┐
│>>           users [Table]              ││Connection: pg (PostgreSQL)                                                                     │
│       [+] Views [0]                    ││Target: mock://postgres                                                                         │
│       [+] Materialized Views [0]       ││Database: postgres                                                                              │
│       [+] Functions [0]                ││Databases: 1 | Schemas: 1 | Objects: 1                                                          │
│       [+] Queries [0]                  ││Dialect: double quotes | EXPLAIN + ANALYZE | RETURNING                                          │
│                                        ││Features: completion | templates | staged CRUD                                                  │
│                                        ││Object: postgres.public.users (Table)                                                           │
│                                        │└────────────────────────────────────────────────────────────────────────────────────────────────┘
│                                        │┌Preview Table public.users | page 1 | rows 1-3 | limit 50───────────────────────────────────────┐
│                                        ││   id     email             status                                                              │
│                                        ││>> 1      alice@example.com active                                                              │
│                                        ││   2      bob@example.com   pending                                                             │
│                                        ││   3      carol@example.com disabled                                                            │
│                                        ││                                                                                                │
│                                        ││                                                                                                │
│                                        ││                                                                                                │
│                                        ││                                                                                                │
│                                        ││                                                                                                │
│                                        ││                                                                                                │
│                                        ││                                                                                                │
│                                        ││                                                                                                │
│                                        ││                                                                                                │
│                                        ││                                                                                                │
└────────────────────────────────────────┘└────────────────────────────────────────────────────────────────────────────────────────────────┘
┌Status────────────────────────────────────────────────────────────────────────────────────────────────────────────────────────────────────┐
│Browsing Table public.users on mock://postgres (loaded 3 row(s), limit 50). | Data tab: / filter, n/p page, F3 SQL, F4 Structure, j/k     │
└──────────────────────────────────────────────────────────────────────────────────────────────────────────────────────────────────────────┘