                                                                                                              
          ┌Keyboard Help | Esc close───────────────────────────────────────────────────────────────┐          
          │Global                                        SQL                                       │          
          │F1 / ?       Open or close help               e            Open SQL editor from browser │          
          │Ctrl-P       Open command palette             Ctrl-Enter   Run statement under cursor   │          
          │F2 / Alt-1   Focus Data tab                   Ctrl-S       Save current SQL             │          
          │F3 / Alt-2   Focus SQL tab                    Ctrl-D       Delete the active saved SQL  │          
          │F4 / Alt-3   Focus Structure tab              Ctrl-O       Open saved SQL               │          
          │                                              F10 / Ctrl-R Open SQL history             │          
          │Data                                          F11 / F12    Explain / analyze when       │          
          │Tab          Cycle assets, grid, and editor   supported                                 │          
          │/            Open data filter                 Tab          Cycle editor, results, and   │          
          │n / p        Load next or previous page       assets                                    │          
          │y / Y / w    Copy row, cell, or WHERE                                                   │          
          │i            Stage selected cell edit         Structure                                 │          
          │                                              F4 / Alt-3   Switch to structure tab      │          
          │                                              Tab          Focus structure grid         │          
          │                                              Enter        Inspect selected field or row│          
          │                                              [ / ] / =    Resize or reset column width │          
          │                                                                                        │          
          │                                                                                        │          
          │Driver Support                                                                          │          
          │PostgreSQL   RETURNING | staged CRUD | ANALYZE                                          │          
          │MySQL/MariaDB backticks | EXPLAIN | no RETURNING                                        │          
          │SQLite       QUERY PLAN | no ANALYZE | no RETURNING                                     │          
          │                                                                                        │          
          └────────────────────────────────────────────────────────────────────────────────────────┘          
                                                                                                              