 Relora  pg (PostgreSQL) | postgres.public.release_runs |  SQL  result 1/1 |  Ready                                                         
┌Assets──────────────────────────────────┐┌Tabs────────────────────────────────────────────────────────────────────────────────────────────┐
│   [-] pg [mock://postgres]             ││Data   SQL   Structure  F2/F3/F4 or Alt-1/2/3                                                   │
│     [-] public [1]                     │└────────────────────────────────────────────────────────────────────────────────────────────────┘
│       [-] Tables [1]                   │┌Selection───────────────────────────────────────────────────────────────────────────────────────┐
│>>           release_runs [Table]       ││Connection: pg (PostgreSQL)                                                                     │
│       [+] Views [0]                    ││Target: mock://postgres                                                                         │
│       [+] Materialized Views [0]       ││Database: postgres                                                                              │
│       [+] Functions [0]                ││Databases: 1 | Schemas: 1 | Objects: 1                                                          │
│       [+] Queries [0]                  ││Dialect: double quotes | EXPLAIN + ANALYZE | RETURNING                                          │
│                                        ││Features: completion | templates | staged CRUD                                                  │
│                                        ││Object: postgres.public.release_runs (Table)                                                    │
│                                        │└────────────────────────────────────────────────────────────────────────────────────────────────┘
│                                        │┌* SQL Editor (postgres.public.release_runs) | Tab 1/1 | Result 1/1──────────────────────────────┐
│                                        ││Tabs: [*SQL Editor (postgres.public.release_runs)]                                              │
│                                        ││Results: [*Result 1 (2 row(s))]                                                                 │
│                                        ││select id, state, updated_at from release_runs;                                                 │
│                                        ││                                                                                                │
│                                        ││                                                                                                │
│                                        ││                                                                                                │
│                                        ││                                                                                                │
│                                        │└────────────────────────────────────────────────────────────────────────────────────────────────┘
│                                        │┌Results─────────────────────────────────────────────────────────────────────────────────────────┐
│                                        ││   id     state    updated_at                                                                   │
│                                        ││>> 1      running  2026-04-21 10:00                                                             │
│                                        ││   2      done     2026-04-21 09:58                                                             │
│                                        ││                                                                                                │
│                                        ││                                                                                                │
└────────────────────────────────────────┘└────────────────────────────────────────────────────────────────────────────────────────────────┘
┌Status────────────────────────────────────────────────────────────────────────────────────────────────────────────────────────────────────┐
│Query returned 2 row(s). | SQL editor: Tab/Shift-Tab cycle, Ctrl-Enter run, Ctrl-S save, Ctrl-D delete saved, Ctrl-O saved                │
└──────────────────────────────────────────────────────────────────────────────────────────────────────────────────────────────────────────┘